#
# There is insufficient memory for the Java Runtime Environment to continue.
# Native memory allocation (mmap) failed to map 134217728 bytes for G1 virtual space
# Possible reasons:
#   The system is out of physical RAM or swap space
#   The process is running with CompressedOops enabled, and the Java Heap may be blocking the growth of the native heap
# Possible solutions:
#   Reduce memory load on the system
#   Increase physical memory or swap space
#   Check if swap backing store is full
#   Decrease Java heap size (-Xmx/-Xms)
#   Decrease number of Java threads
#   Decrease Java thread stack sizes (-Xss)
#   Set larger code cache with -XX:ReservedCodeCacheSize=
#   JVM is running with Unscaled Compressed Oops mode in which the Java heap is
#     placed in the first 4GB address space. The Java Heap base address is the
#     maximum limit for the native heap growth. Please use -XX:HeapBaseMinAddress
#     to set the Java Heap base and to place the Java Heap above 4GB virtual address.
# This output file may be truncated or incomplete.
#
#  Out of Memory Error (os_windows.cpp:3548), pid=16396, tid=4452
#
# JRE version:  (17.0.12+8) (build )
# Java VM: Java HotSpot(TM) 64-Bit Server VM (17.0.12+8-LTS-286, mixed mode, sharing, tiered, compressed oops, compressed class ptrs, g1 gc, windows-amd64)
# No core dump will be written. Minidumps are not enabled by default on client versions of Windows
#

---------------  S U M M A R Y ------------

Command Line: org.jetbrains.kotlin.cli.jvm.K2JVMCompiler @D:\work\nux\mobile_app_new\node_modules\expo-eas-client\android\build\20260625_16056754179459907168.compiler.options

Host: Intel(R) Core(TM) i5-8265U CPU @ 1.60GHz, 8 cores, 7G,  Windows 11 , 64 bit Build 26100 (10.0.26100.8521)
Time: Thu Jun 25 01:37:30 2026  Windows 11 , 64 bit Build 26100 (10.0.26100.8521) elapsed time: 2.192641 seconds (0d 0h 0m 2s)

---------------  T H R E A D  ---------------

Current thread (0x0000024c46de4970):  JavaThread "Unknown thread" [_thread_in_vm, id=4452, stack(0x000000c871200000,0x000000c871300000)]

Stack: [0x000000c871200000,0x000000c871300000]
Native frames: (J=compiled Java code, j=interpreted, Vv=VM code, C=native code)
V  [jvm.dll+0x67a04a]
V  [jvm.dll+0x7da4ed]
V  [jvm.dll+0x7dbe33]
V  [jvm.dll+0x7dc4a3]
V  [jvm.dll+0x24508f]
V  [jvm.dll+0x677089]
V  [jvm.dll+0x66bd32]
V  [jvm.dll+0x301fa6]
V  [jvm.dll+0x309546]
V  [jvm.dll+0x359d2e]
V  [jvm.dll+0x359f5f]
V  [jvm.dll+0x2d9078]
V  [jvm.dll+0x2d9fe4]
V  [jvm.dll+0x7aca21]
V  [jvm.dll+0x367591]
V  [jvm.dll+0x78b999]
V  [jvm.dll+0x3ec83f]
V  [jvm.dll+0x3ee471]
C  [jli.dll+0x5297]
C  [ucrtbase.dll+0x2cd30]
C  [KERNEL32.DLL+0x2e957]
C  [ntdll.dll+0x87c1c]


---------------  P R O C E S S  ---------------

Threads class SMR info:
_java_thread_list=0x00007ffe06637a18, length=0, elements={
}

Java Threads: ( => current thread )

Other Threads:
  0x0000024c46e3e5a0 GCTaskThread "GC Thread#0" [stack: 0x000000c871300000,0x000000c871400000] [id=15024]
  0x0000024c46e4fe10 ConcurrentGCThread "G1 Main Marker" [stack: 0x000000c871400000,0x000000c871500000] [id=17640]
  0x0000024c46e50fd0 ConcurrentGCThread "G1 Conc#0" [stack: 0x000000c871500000,0x000000c871600000] [id=18004]

[error occurred during error reporting (printing all threads), id 0xc0000005, EXCEPTION_ACCESS_VIOLATION (0xc0000005) at pc=0x00007ffe05e69b67]

VM state: not at safepoint (not fully initialized)

VM Mutex/Monitor currently owned by a thread:  ([mutex/lock_event])
[0x0000024c46de3c40] Heap_lock - owner thread: 0x0000024c46de4970

Heap address: 0x0000000081e00000, size: 2018 MB, Compressed Oops mode: 32-bit

CDS archive(s) mapped at: [0x0000000000000000-0x0000000000000000-0x0000000000000000), size 0, SharedBaseAddress: 0x0000000800000000, ArchiveRelocationMode: 1.
Narrow klass base: 0x0000000000000000, Narrow klass shift: 0, Narrow klass range: 0x0

GC Precious Log:
<Empty>

Heap:
 garbage-first heap   total 0K, used 0K [0x0000000081e00000, 0x0000000100000000)
  region size 1024K, 0 young (0K), 0 survivors (0K)

[error occurred during error reporting (printing heap information), id 0xc0000005, EXCEPTION_ACCESS_VIOLATION (0xc0000005) at pc=0x00007ffe06253859]

GC Heap History (0 events):
No events

Deoptimization events (0 events):
No events

Classes unloaded (0 events):
No events

Classes redefined (0 events):
No events

Internal exceptions (0 events):
No events

VM Operations (0 events):
No events

Events (1 events):
Event: 0.031 Loaded shared library C:\Program Files\Java\jdk-17\bin\java.dll


Dynamic libraries:
0x00007ff742630000 - 0x00007ff742640000 	C:\Program Files\Java\jdk-17\bin\java.exe
0x00007ffe8f2a0000 - 0x00007ffe8f506000 	C:\WINDOWS\SYSTEM32\ntdll.dll
0x00007ffe8df90000 - 0x00007ffe8e059000 	C:\WINDOWS\System32\KERNEL32.DLL
0x00007ffe8c6a0000 - 0x00007ffe8ca9a000 	C:\WINDOWS\System32\KERNELBASE.dll
0x00007ffe8cb50000 - 0x00007ffe8cc9c000 	C:\WINDOWS\System32\ucrtbase.dll
0x00007ffe647c0000 - 0x00007ffe647d9000 	C:\Program Files\Java\jdk-17\bin\jli.dll
0x00007ffe64620000 - 0x00007ffe6463b000 	C:\Program Files\Java\jdk-17\bin\VCRUNTIME140.dll
0x00007ffe8dd30000 - 0x00007ffe8dde6000 	C:\WINDOWS\System32\ADVAPI32.dll
0x00007ffe8d010000 - 0x00007ffe8d0b9000 	C:\WINDOWS\System32\msvcrt.dll
0x00007ffe8dee0000 - 0x00007ffe8df8a000 	C:\WINDOWS\System32\sechost.dll
0x00007ffe8d220000 - 0x00007ffe8d338000 	C:\WINDOWS\System32\RPCRT4.dll
0x00007ffe8e150000 - 0x00007ffe8e317000 	C:\WINDOWS\System32\USER32.dll
0x00007ffe79e30000 - 0x00007ffe7a0c2000 	C:\WINDOWS\WinSxS\amd64_microsoft.windows.common-controls_6595b64144ccf1df_6.0.26100.8521_none_3e08b75ce33403b3\COMCTL32.dll
0x00007ffe8c670000 - 0x00007ffe8c697000 	C:\WINDOWS\System32\win32u.dll
0x00007ffe8d1f0000 - 0x00007ffe8d21b000 	C:\WINDOWS\System32\GDI32.dll
0x00007ffe8cee0000 - 0x00007ffe8d00b000 	C:\WINDOWS\System32\gdi32full.dll
0x00007ffe8caa0000 - 0x00007ffe8cb43000 	C:\WINDOWS\System32\msvcp_win.dll
0x00007ffe83a30000 - 0x00007ffe83a3b000 	C:\WINDOWS\SYSTEM32\VERSION.dll
0x00007ffe8ef90000 - 0x00007ffe8efc2000 	C:\WINDOWS\System32\IMM32.DLL
0x00007ffe873e0000 - 0x00007ffe873ec000 	C:\Program Files\Java\jdk-17\bin\vcruntime140_1.dll
0x00007ffe45f50000 - 0x00007ffe45fde000 	C:\Program Files\Java\jdk-17\bin\msvcp140.dll
0x00007ffe05b80000 - 0x00007ffe06760000 	C:\Program Files\Java\jdk-17\bin\server\jvm.dll
0x00007ffe8f0d0000 - 0x00007ffe8f0d8000 	C:\WINDOWS\System32\PSAPI.DLL
0x00007ffe7a1c0000 - 0x00007ffe7a1f6000 	C:\WINDOWS\SYSTEM32\WINMM.dll
0x00007ffe6eff0000 - 0x00007ffe6effa000 	C:\WINDOWS\SYSTEM32\WSOCK32.dll
0x00007ffe8dca0000 - 0x00007ffe8dd20000 	C:\WINDOWS\System32\WS2_32.dll
0x00007ffe8b280000 - 0x00007ffe8b29b000 	C:\WINDOWS\SYSTEM32\kernel.appcore.dll
0x00007ffe87260000 - 0x00007ffe8726a000 	C:\Program Files\Java\jdk-17\bin\jimage.dll
0x00007ffe89b70000 - 0x00007ffe89db2000 	C:\WINDOWS\SYSTEM32\DBGHELP.DLL
0x00007ffe8d340000 - 0x00007ffe8d6c3000 	C:\WINDOWS\System32\combase.dll
0x00007ffe8e060000 - 0x00007ffe8e139000 	C:\WINDOWS\System32\OLEAUT32.dll
0x00007ffe78ee0000 - 0x00007ffe78f1b000 	C:\WINDOWS\SYSTEM32\dbgcore.DLL
0x00007ffe8c5c0000 - 0x00007ffe8c668000 	C:\WINDOWS\System32\bcryptPrimitives.dll
0x00007ffe4e470000 - 0x00007ffe4e495000 	C:\Program Files\Java\jdk-17\bin\java.dll

dbghelp: loaded successfully - version: 4.0.5 - missing functions: none
symbol engine: initialized successfully - sym options: 0x614 - pdb path: .;C:\Program Files\Java\jdk-17\bin;C:\WINDOWS\SYSTEM32;C:\WINDOWS\WinSxS\amd64_microsoft.windows.common-controls_6595b64144ccf1df_6.0.26100.8521_none_3e08b75ce33403b3;C:\Program Files\Java\jdk-17\bin\server

VM Arguments:
java_command: org.jetbrains.kotlin.cli.jvm.K2JVMCompiler @D:\work\nux\mobile_app_new\node_modules\expo-eas-client\android\build\20260625_16056754179459907168.compiler.options
java_class_path (initial): C:\Users\pc\.gradle\caches\modules-2\files-2.1\org.jetbrains.kotlin\kotlin-compiler-embeddable\2.1.20\4ef56b3316798316bfac7a0ae443391c9e900ea1\kotlin-compiler-embeddable-2.1.20.jar;C:\Users\pc\.gradle\caches\modules-2\files-2.1\org.jetbrains.kotlin\kotlin-stdlib\2.1.20\aa8ca79cd50578314f6d1180c47cbe14c0fee567\kotlin-stdlib-2.1.20.jar;C:\Users\pc\.gradle\caches\modules-2\files-2.1\org.jetbrains.kotlin\kotlin-script-runtime\2.1.20\f7c623d7f7bdb01f5ccd6b437bc0a937fcd7c57e\kotlin-script-runtime-2.1.20.jar;C:\Users\pc\.gradle\caches\modules-2\files-2.1\org.jetbrains.kotlin\kotlin-reflect\1.6.10\1cbe9c92c12a94eea200d23c2bbaedaf3daf5132\kotlin-reflect-1.6.10.jar;C:\Users\pc\.gradle\caches\modules-2\files-2.1\org.jetbrains.kotlin\kotlin-daemon-embeddable\2.1.20\95670fce77befd02a70a0bc3abe8ee4533521334\kotlin-daemon-embeddable-2.1.20.jar;C:\Users\pc\.gradle\caches\modules-2\files-2.1\org.jetbrains.intellij.deps\trove4j\1.0.20200330\3afb14d5f9ceb459d724e907a21145e8ff394f02\trove4j-1.0.20200330.jar;C:\Users\pc\.gradle\caches\modules-2\files-2.1\org.jetbrains.kotlinx\kotlinx-coroutines-core-jvm\1.8.0\ac1dc37a30a93150b704022f8d895ee1bd3a36b3\kotlinx-coroutines-core-jvm-1.8.0.jar;C:\Users\pc\.gradle\caches\modules-2\files-2.1\org.jetbrains\annotations\13.0\919f0dfe192fb4e063e7dacadee7f8bb9a2672a9\annotations-13.0.jar
Launcher Type: SUN_STANDARD

[Global flags]
     intx CICompilerCount                          = 4                                         {product} {ergonomic}
     uint ConcGCThreads                            = 2                                         {product} {ergonomic}
     uint G1ConcRefinementThreads                  = 8                                         {product} {ergonomic}
   size_t G1HeapRegionSize                         = 1048576                                   {product} {ergonomic}
    uintx GCDrainStackTargetSize                   = 64                                        {product} {ergonomic}
   size_t InitialHeapSize                          = 134217728                                 {product} {ergonomic}
   size_t MarkStackSize                            = 4194304                                   {product} {ergonomic}
   size_t MaxHeapSize                              = 2116026368                                {product} {ergonomic}
   size_t MinHeapDeltaBytes                        = 1048576                                   {product} {ergonomic}
   size_t MinHeapSize                              = 8388608                                   {product} {ergonomic}
    uintx NonNMethodCodeHeapSize                   = 5839372                                {pd product} {ergonomic}
    uintx NonProfiledCodeHeapSize                  = 122909434                              {pd product} {ergonomic}
    uintx ProfiledCodeHeapSize                     = 122909434                              {pd product} {ergonomic}
    uintx ReservedCodeCacheSize                    = 251658240                              {pd product} {ergonomic}
     bool SegmentedCodeCache                       = true                                      {product} {ergonomic}
   size_t SoftMaxHeapSize                          = 2116026368                             {manageable} {ergonomic}
     bool UseCompressedClassPointers               = true                           {product lp64_product} {ergonomic}
     bool UseCompressedOops                        = true                           {product lp64_product} {ergonomic}
     bool UseG1GC                                  = true                                      {product} {ergonomic}
     bool UseLargePagesIndividualAllocation        = false                                  {pd product} {ergonomic}

Logging:
Log output configuration:
 #0: stdout all=warning uptime,level,tags
 #1: stderr all=off uptime,level,tags

Environment Variables:
JAVA_HOME=C:\Program Files\Java\jdk-17
PATH=c:\Program Files\cursor\resources\app\resources\helpers;C:\Program Files\Common Files\Oracle\Java\javapath;C:\WINDOWS\system32;C:\WINDOWS;C:\WINDOWS\System32\Wbem;C:\WINDOWS\System32\WindowsPowerShell\v1.0\;C:\WINDOWS\System32\OpenSSH\;C:\Program Files\Git\cmd;C:\xampp\php;C:\Program Files\Java\jdk-17\bin;C:\Users\pc\AppData\Local\Yarn\bin;C:\Users\pc\AppData\Local\Android\Sdk\cmdline-tools\latest\bin;C:\Users\pc\AppData\Local\Android\Sdk\platform-tools;C:\ProgramData\chocolatey\bin;C:\Users\pc\AppData\Local\Android\Sdk\build-tools\35.0.1;C:\tools\mkcert;C:\Program Files\PuTTY\;C:\Program Files\Docker\Docker\resources\bin;C:\mkcert;C:\Program Files\MongoDB\Server\8.0\bin;C:\Program Files\nodejs\;C:\Program Files\dotnet\;C:\Program Files\WireGuard\;C:\Program Files\cursor\resources\app\bin;C:\Users\pc\AppData\Roaming\npm;C:\Users\pc\AppData\Local\Programs\Windsurf\bin;C:\Users\pc\AppData\Local\Microsoft\WindowsApps
USERNAME=pc
OS=Windows_NT
PROCESSOR_IDENTIFIER=Intel64 Family 6 Model 142 Stepping 12, GenuineIntel



---------------  S Y S T E M  ---------------

OS:
 Windows 11 , 64 bit Build 26100 (10.0.26100.8521)
OS uptime: 0 days 15:51 hours
Hyper-V role detected

CPU: total 8 (initial active 8) (4 cores per cpu, 2 threads per core) family 6 model 142 stepping 12 microcode 0xfe, cx8, cmov, fxsr, ht, mmx, 3dnowpref, sse, sse2, sse3, ssse3, sse4.1, sse4.2, popcnt, lzcnt, tsc, tscinvbit, avx, avx2, aes, erms, clmul, bmi1, bmi2, adx, fma, vzeroupper, clflush, clflushopt, hv

Memory: 4k page, system-wide physical 8067M (556M free)
TotalPageFile size 25662M (AvailPageFile size 73M)
current process WorkingSet (physical memory assigned to process): 12M, peak: 12M
current process commit charge ("private bytes"): 60M, peak: 188M

vm_info: Java HotSpot(TM) 64-Bit Server VM (17.0.12+8-LTS-286) for windows-amd64 JRE (17.0.12+8-LTS-286), built on Jun  5 2024 06:46:59 by "mach5one" with MS VC++ 17.6 (VS2022)

END.
