#
# There is insufficient memory for the Java Runtime Environment to continue.
# Native memory allocation (malloc) failed to allocate 345856 bytes for Chunk::new
# Possible reasons:
#   The system is out of physical RAM or swap space
#   The process is running with CompressedOops enabled, and the Java Heap may be blocking the growth of the native heap
# Possible solutions:
#   Reduce memory load on the system
#   Increase physical memory or swap space
#   Check if swap backing store is full
#   Decrease Java heap size (-Xmx/-Xms)
#   Decrease number of Java threads
#   Decrease Java thread stack sizes (-Xss)
#   Set larger code cache with -XX:ReservedCodeCacheSize=
#   JVM is running with Unscaled Compressed Oops mode in which the Java heap is
#     placed in the first 4GB address space. The Java Heap base address is the
#     maximum limit for the native heap growth. Please use -XX:HeapBaseMinAddress
#     to set the Java Heap base and to place the Java Heap above 4GB virtual address.
# This output file may be truncated or incomplete.
#
#  Out of Memory Error (arena.cpp:189), pid=9756, tid=19380
#
# JRE version: Java(TM) SE Runtime Environment (17.0.12+8) (build 17.0.12+8-LTS-286)
# Java VM: Java HotSpot(TM) 64-Bit Server VM (17.0.12+8-LTS-286, mixed mode, sharing, tiered, compressed oops, compressed class ptrs, g1 gc, windows-amd64)
# No core dump will be written. Minidumps are not enabled by default on client versions of Windows
#

---------------  S U M M A R Y ------------

Command Line: org.jetbrains.kotlin.cli.jvm.K2JVMCompiler @D:\work\nux\mobile_app_new\node_modules\@react-native-google-signin\google-signin\android\build\20260625_8505060575688918995.compiler.options

Host: Intel(R) Core(TM) i5-8265U CPU @ 1.60GHz, 8 cores, 7G,  Windows 11 , 64 bit Build 26100 (10.0.26100.8521)
Time: Thu Jun 25 01:02:58 2026  Windows 11 , 64 bit Build 26100 (10.0.26100.8521) elapsed time: 29.742864 seconds (0d 0h 0m 29s)

---------------  T H R E A D  ---------------

Current thread (0x00000259a1a89be0):  JavaThread "C2 CompilerThread0" daemon [_thread_in_native, id=19380, stack(0x0000005f62900000,0x0000005f62a00000)]


Current CompileTask:
C2:  29742  927       4       jdk.internal.org.objectweb.asm.SymbolTable::addConstantUtf8 (98 bytes)

Stack: [0x0000005f62900000,0x0000005f62a00000]
Native frames: (J=compiled Java code, j=interpreted, Vv=VM code, C=native code)
V  [jvm.dll+0x67a04a]
V  [jvm.dll+0x7da4ed]
V  [jvm.dll+0x7dbe33]
V  [jvm.dll+0x7dc4a3]
V  [jvm.dll+0x24508f]
V  [jvm.dll+0xab773]
V  [jvm.dll+0xabd3c]
V  [jvm.dll+0x2aa52f]
V  [jvm.dll+0x581eb9]
V  [jvm.dll+0x21f422]
V  [jvm.dll+0x21f81f]
V  [jvm.dll+0x218aa0]
V  [jvm.dll+0x215b65]
V  [jvm.dll+0x1a2960]
V  [jvm.dll+0x22610b]
V  [jvm.dll+0x2242ab]
V  [jvm.dll+0x79075c]
V  [jvm.dll+0x78abea]
V  [jvm.dll+0x678f35]
C  [ucrtbase.dll+0x2cd30]
C  [KERNEL32.DLL+0x2e957]
C  [ntdll.dll+0x87c1c]


---------------  P R O C E S S  ---------------

Threads class SMR info:
_java_thread_list=0x00000259a1cd6180, length=12, elements={
0x0000025981c33aa0, 0x00000259a1a6e330, 0x00000259a1a6fa60, 0x00000259a1a850f0,
0x00000259a1a87ac0, 0x00000259a1a88480, 0x00000259a1a88e40, 0x00000259a1a89be0,
0x00000259a1a90770, 0x00000259a1a95980, 0x00000259a1cd35c0, 0x00000259a1ce0b20
}

Java Threads: ( => current thread )
  0x0000025981c33aa0 JavaThread "main" [_thread_in_native, id=6024, stack(0x0000005f61c00000,0x0000005f61d00000)]
  0x00000259a1a6e330 JavaThread "Reference Handler" daemon [_thread_blocked, id=14892, stack(0x0000005f62300000,0x0000005f62400000)]
  0x00000259a1a6fa60 JavaThread "Finalizer" daemon [_thread_blocked, id=22268, stack(0x0000005f62400000,0x0000005f62500000)]
  0x00000259a1a850f0 JavaThread "Signal Dispatcher" daemon [_thread_blocked, id=17092, stack(0x0000005f62500000,0x0000005f62600000)]
  0x00000259a1a87ac0 JavaThread "Attach Listener" daemon [_thread_blocked, id=16368, stack(0x0000005f62600000,0x0000005f62700000)]
  0x00000259a1a88480 JavaThread "Service Thread" daemon [_thread_blocked, id=8688, stack(0x0000005f62700000,0x0000005f62800000)]
  0x00000259a1a88e40 JavaThread "Monitor Deflation Thread" daemon [_thread_blocked, id=18144, stack(0x0000005f62800000,0x0000005f62900000)]
=>0x00000259a1a89be0 JavaThread "C2 CompilerThread0" daemon [_thread_in_native, id=19380, stack(0x0000005f62900000,0x0000005f62a00000)]
  0x00000259a1a90770 JavaThread "C1 CompilerThread0" daemon [_thread_blocked, id=21436, stack(0x0000005f62a00000,0x0000005f62b00000)]
  0x00000259a1a95980 JavaThread "Sweeper thread" daemon [_thread_blocked, id=22260, stack(0x0000005f62b00000,0x0000005f62c00000)]
  0x00000259a1cd35c0 JavaThread "Notification Thread" daemon [_thread_blocked, id=1912, stack(0x0000005f62c00000,0x0000005f62d00000)]
  0x00000259a1ce0b20 JavaThread "Common-Cleaner" daemon [_thread_blocked, id=6564, stack(0x0000005f62e00000,0x0000005f62f00000)]

Other Threads:
  0x00000259a1a66560 VMThread "VM Thread" [stack: 0x0000005f62200000,0x0000005f62300000] [id=13324]
  0x00000259a1cd82c0 WatcherThread [stack: 0x0000005f62d00000,0x0000005f62e00000] [id=21576]
  0x0000025981c91650 GCTaskThread "GC Thread#0" [stack: 0x0000005f61d00000,0x0000005f61e00000] [id=17784]
  0x00000259a1d1b3e0 GCTaskThread "GC Thread#1" [stack: 0x0000005f62f00000,0x0000005f63000000] [id=18304]
  0x00000259a1f62380 GCTaskThread "GC Thread#2" [stack: 0x0000005f63000000,0x0000005f63100000] [id=23136]
  0x00000259a1f63850 GCTaskThread "GC Thread#3" [stack: 0x0000005f63100000,0x0000005f63200000] [id=6464]
  0x00000259a1d8ae20 GCTaskThread "GC Thread#4" [stack: 0x0000005f63200000,0x0000005f63300000] [id=7272]
  0x00000259a1d8b0e0 GCTaskThread "GC Thread#5" [stack: 0x0000005f63300000,0x0000005f63400000] [id=8144]
  0x00000259e718bf20 GCTaskThread "GC Thread#6" [stack: 0x0000005f63400000,0x0000005f63500000] [id=5276]
  0x00000259e72c20b0 GCTaskThread "GC Thread#7" [stack: 0x0000005f63500000,0x0000005f63600000] [id=18240]
  0x0000025981ca3ec0 ConcurrentGCThread "G1 Main Marker" [stack: 0x0000005f61e00000,0x0000005f61f00000] [id=14412]
  0x0000025981ca48d0 ConcurrentGCThread "G1 Conc#0" [stack: 0x0000005f61f00000,0x0000005f62000000] [id=2488]
  0x00000259a19220c0 ConcurrentGCThread "G1 Refine#0" [stack: 0x0000005f62000000,0x0000005f62100000] [id=2684]
  0x00000259a1922af0 ConcurrentGCThread "G1 Service" [stack: 0x0000005f62100000,0x0000005f62200000] [id=20324]

Threads with active compile tasks:
C2 CompilerThread0    30076  927       4       jdk.internal.org.objectweb.asm.SymbolTable::addConstantUtf8 (98 bytes)

VM state: not at safepoint (normal execution)

VM Mutex/Monitor currently owned by a thread: None

Heap address: 0x0000000081e00000, size: 2018 MB, Compressed Oops mode: 32-bit

CDS archive(s) mapped at: [0x00000259a2000000-0x00000259a2bd0000-0x00000259a2bd0000), size 12386304, SharedBaseAddress: 0x00000259a2000000, ArchiveRelocationMode: 1.
Compressed class space mapped at: 0x00000259a3000000-0x00000259e3000000, reserved size: 1073741824
Narrow klass base: 0x00000259a2000000, Narrow klass shift: 0, Narrow klass range: 0x100000000

GC Precious Log:
 CPUs: 8 total, 8 available
 Memory: 8067M
 Large Page Support: Disabled
 NUMA Support: Disabled
 Compressed Oops: Enabled (32-bit)
 Heap Region Size: 1M
 Heap Min Capacity: 8M
 Heap Initial Capacity: 128M
 Heap Max Capacity: 2018M
 Pre-touch: Disabled
 Parallel Workers: 8
 Concurrent Workers: 2
 Concurrent Refinement Workers: 8
 Periodic GC: Disabled

Heap:
 garbage-first heap   total 131072K, used 6763K [0x0000000081e00000, 0x0000000100000000)
  region size 1024K, 2 young (2048K), 1 survivors (1024K)
 Metaspace       used 12986K, committed 13184K, reserved 1114112K
  class space    used 1381K, committed 1472K, reserved 1048576K

Heap Regions: E=young(eden), S=young(survivor), O=old, HS=humongous(starts), HC=humongous(continues), CS=collection set, F=free, OA=open archive, CA=closed archive, TAMS=top-at-mark-start (previous, next)
|   0|0x0000000081e00000, 0x0000000081f00000, 0x0000000081f00000|100%|HS|  |TAMS 0x0000000081e00000, 0x0000000081e00000| Complete 
|   1|0x0000000081f00000, 0x0000000082000000, 0x0000000082000000|100%|HC|  |TAMS 0x0000000081f00000, 0x0000000081f00000| Complete 
|   2|0x0000000082000000, 0x0000000082100000, 0x0000000082100000|100%|HC|  |TAMS 0x0000000082000000, 0x0000000082000000| Complete 
|   3|0x0000000082100000, 0x0000000082200000, 0x0000000082200000|100%| O|  |TAMS 0x0000000082100000, 0x0000000082100000| Untracked 
|   4|0x0000000082200000, 0x0000000082300000, 0x0000000082300000|100%| O|  |TAMS 0x0000000082200000, 0x0000000082200000| Untracked 
|   5|0x0000000082300000, 0x00000000823e8a00, 0x0000000082400000| 90%| O|  |TAMS 0x0000000082300000, 0x0000000082300000| Untracked 
|   6|0x0000000082400000, 0x0000000082400000, 0x0000000082500000|  0%| F|  |TAMS 0x0000000082400000, 0x0000000082400000| Untracked 
|   7|0x0000000082500000, 0x0000000082500000, 0x0000000082600000|  0%| F|  |TAMS 0x0000000082500000, 0x0000000082500000| Untracked 
|   8|0x0000000082600000, 0x0000000082600000, 0x0000000082700000|  0%| F|  |TAMS 0x0000000082600000, 0x0000000082600000| Untracked 
|   9|0x0000000082700000, 0x0000000082700000, 0x0000000082800000|  0%| F|  |TAMS 0x0000000082700000, 0x0000000082700000| Untracked 
|  10|0x0000000082800000, 0x0000000082800000, 0x0000000082900000|  0%| F|  |TAMS 0x0000000082800000, 0x0000000082800000| Untracked 
|  11|0x0000000082900000, 0x0000000082900000, 0x0000000082a00000|  0%| F|  |TAMS 0x0000000082900000, 0x0000000082900000| Untracked 
|  12|0x0000000082a00000, 0x0000000082a00000, 0x0000000082b00000|  0%| F|  |TAMS 0x0000000082a00000, 0x0000000082a00000| Untracked 
|  13|0x0000000082b00000, 0x0000000082b00000, 0x0000000082c00000|  0%| F|  |TAMS 0x0000000082b00000, 0x0000000082b00000| Untracked 
|  14|0x0000000082c00000, 0x0000000082c00000, 0x0000000082d00000|  0%| F|  |TAMS 0x0000000082c00000, 0x0000000082c00000| Untracked 
|  15|0x0000000082d00000, 0x0000000082d00000, 0x0000000082e00000|  0%| F|  |TAMS 0x0000000082d00000, 0x0000000082d00000| Untracked 
|  16|0x0000000082e00000, 0x0000000082e00000, 0x0000000082f00000|  0%| F|  |TAMS 0x0000000082e00000, 0x0000000082e00000| Untracked 
|  17|0x0000000082f00000, 0x0000000082f00000, 0x0000000083000000|  0%| F|  |TAMS 0x0000000082f00000, 0x0000000082f00000| Untracked 
|  18|0x0000000083000000, 0x0000000083000000, 0x0000000083100000|  0%| F|  |TAMS 0x0000000083000000, 0x0000000083000000| Untracked 
|  19|0x0000000083100000, 0x0000000083100000, 0x0000000083200000|  0%| F|  |TAMS 0x0000000083100000, 0x0000000083100000| Untracked 
|  20|0x0000000083200000, 0x0000000083200000, 0x0000000083300000|  0%| F|  |TAMS 0x0000000083200000, 0x0000000083200000| Untracked 
|  21|0x0000000083300000, 0x0000000083300000, 0x0000000083400000|  0%| F|  |TAMS 0x0000000083300000, 0x0000000083300000| Untracked 
|  22|0x0000000083400000, 0x0000000083400000, 0x0000000083500000|  0%| F|  |TAMS 0x0000000083400000, 0x0000000083400000| Untracked 
|  23|0x0000000083500000, 0x0000000083500000, 0x0000000083600000|  0%| F|  |TAMS 0x0000000083500000, 0x0000000083500000| Untracked 
|  24|0x0000000083600000, 0x0000000083600000, 0x0000000083700000|  0%| F|  |TAMS 0x0000000083600000, 0x0000000083600000| Untracked 
|  25|0x0000000083700000, 0x0000000083700000, 0x0000000083800000|  0%| F|  |TAMS 0x0000000083700000, 0x0000000083700000| Untracked 
|  26|0x0000000083800000, 0x0000000083800000, 0x0000000083900000|  0%| F|  |TAMS 0x0000000083800000, 0x0000000083800000| Untracked 
|  27|0x0000000083900000, 0x0000000083900000, 0x0000000083a00000|  0%| F|  |TAMS 0x0000000083900000, 0x0000000083900000| Untracked 
|  28|0x0000000083a00000, 0x0000000083a00000, 0x0000000083b00000|  0%| F|  |TAMS 0x0000000083a00000, 0x0000000083a00000| Untracked 
|  29|0x0000000083b00000, 0x0000000083b00000, 0x0000000083c00000|  0%| F|  |TAMS 0x0000000083b00000, 0x0000000083b00000| Untracked 
|  30|0x0000000083c00000, 0x0000000083c00000, 0x0000000083d00000|  0%| F|  |TAMS 0x0000000083c00000, 0x0000000083c00000| Untracked 
|  31|0x0000000083d00000, 0x0000000083d00000, 0x0000000083e00000|  0%| F|  |TAMS 0x0000000083d00000, 0x0000000083d00000| Untracked 
|  32|0x0000000083e00000, 0x0000000083e00000, 0x0000000083f00000|  0%| F|  |TAMS 0x0000000083e00000, 0x0000000083e00000| Untracked 
|  33|0x0000000083f00000, 0x0000000083f00000, 0x0000000084000000|  0%| F|  |TAMS 0x0000000083f00000, 0x0000000083f00000| Untracked 
|  34|0x0000000084000000, 0x0000000084000000, 0x0000000084100000|  0%| F|  |TAMS 0x0000000084000000, 0x0000000084000000| Untracked 
|  35|0x0000000084100000, 0x0000000084100000, 0x0000000084200000|  0%| F|  |TAMS 0x0000000084100000, 0x0000000084100000| Untracked 
|  36|0x0000000084200000, 0x0000000084200000, 0x0000000084300000|  0%| F|  |TAMS 0x0000000084200000, 0x0000000084200000| Untracked 
|  37|0x0000000084300000, 0x0000000084300000, 0x0000000084400000|  0%| F|  |TAMS 0x0000000084300000, 0x0000000084300000| Untracked 
|  38|0x0000000084400000, 0x0000000084400000, 0x0000000084500000|  0%| F|  |TAMS 0x0000000084400000, 0x0000000084400000| Untracked 
|  39|0x0000000084500000, 0x0000000084500000, 0x0000000084600000|  0%| F|  |TAMS 0x0000000084500000, 0x0000000084500000| Untracked 
|  40|0x0000000084600000, 0x0000000084600000, 0x0000000084700000|  0%| F|  |TAMS 0x0000000084600000, 0x0000000084600000| Untracked 
|  41|0x0000000084700000, 0x0000000084700000, 0x0000000084800000|  0%| F|  |TAMS 0x0000000084700000, 0x0000000084700000| Untracked 
|  42|0x0000000084800000, 0x0000000084800000, 0x0000000084900000|  0%| F|  |TAMS 0x0000000084800000, 0x0000000084800000| Untracked 
|  43|0x0000000084900000, 0x0000000084900000, 0x0000000084a00000|  0%| F|  |TAMS 0x0000000084900000, 0x0000000084900000| Untracked 
|  44|0x0000000084a00000, 0x0000000084a00000, 0x0000000084b00000|  0%| F|  |TAMS 0x0000000084a00000, 0x0000000084a00000| Untracked 
|  45|0x0000000084b00000, 0x0000000084b00000, 0x0000000084c00000|  0%| F|  |TAMS 0x0000000084b00000, 0x0000000084b00000| Untracked 
|  46|0x0000000084c00000, 0x0000000084c00000, 0x0000000084d00000|  0%| F|  |TAMS 0x0000000084c00000, 0x0000000084c00000| Untracked 
|  47|0x0000000084d00000, 0x0000000084d00000, 0x0000000084e00000|  0%| F|  |TAMS 0x0000000084d00000, 0x0000000084d00000| Untracked 
|  48|0x0000000084e00000, 0x0000000084e00000, 0x0000000084f00000|  0%| F|  |TAMS 0x0000000084e00000, 0x0000000084e00000| Untracked 
|  49|0x0000000084f00000, 0x0000000084f00000, 0x0000000085000000|  0%| F|  |TAMS 0x0000000084f00000, 0x0000000084f00000| Untracked 
|  50|0x0000000085000000, 0x0000000085000000, 0x0000000085100000|  0%| F|  |TAMS 0x0000000085000000, 0x0000000085000000| Untracked 
|  51|0x0000000085100000, 0x0000000085100000, 0x0000000085200000|  0%| F|  |TAMS 0x0000000085100000, 0x0000000085100000| Untracked 
|  52|0x0000000085200000, 0x0000000085200000, 0x0000000085300000|  0%| F|  |TAMS 0x0000000085200000, 0x0000000085200000| Untracked 
|  53|0x0000000085300000, 0x0000000085300000, 0x0000000085400000|  0%| F|  |TAMS 0x0000000085300000, 0x0000000085300000| Untracked 
|  54|0x0000000085400000, 0x0000000085400000, 0x0000000085500000|  0%| F|  |TAMS 0x0000000085400000, 0x0000000085400000| Untracked 
|  55|0x0000000085500000, 0x0000000085500000, 0x0000000085600000|  0%| F|  |TAMS 0x0000000085500000, 0x0000000085500000| Untracked 
|  56|0x0000000085600000, 0x0000000085600000, 0x0000000085700000|  0%| F|  |TAMS 0x0000000085600000, 0x0000000085600000| Untracked 
|  57|0x0000000085700000, 0x0000000085700000, 0x0000000085800000|  0%| F|  |TAMS 0x0000000085700000, 0x0000000085700000| Untracked 
|  58|0x0000000085800000, 0x0000000085800000, 0x0000000085900000|  0%| F|  |TAMS 0x0000000085800000, 0x0000000085800000| Untracked 
|  59|0x0000000085900000, 0x0000000085900000, 0x0000000085a00000|  0%| F|  |TAMS 0x0000000085900000, 0x0000000085900000| Untracked 
|  60|0x0000000085a00000, 0x0000000085a00000, 0x0000000085b00000|  0%| F|  |TAMS 0x0000000085a00000, 0x0000000085a00000| Untracked 
|  61|0x0000000085b00000, 0x0000000085b00000, 0x0000000085c00000|  0%| F|  |TAMS 0x0000000085b00000, 0x0000000085b00000| Untracked 
|  62|0x0000000085c00000, 0x0000000085c00000, 0x0000000085d00000|  0%| F|  |TAMS 0x0000000085c00000, 0x0000000085c00000| Untracked 
|  63|0x0000000085d00000, 0x0000000085d00000, 0x0000000085e00000|  0%| F|  |TAMS 0x0000000085d00000, 0x0000000085d00000| Untracked 
|  64|0x0000000085e00000, 0x0000000085e00000, 0x0000000085f00000|  0%| F|  |TAMS 0x0000000085e00000, 0x0000000085e00000| Untracked 
|  65|0x0000000085f00000, 0x0000000085f00000, 0x0000000086000000|  0%| F|  |TAMS 0x0000000085f00000, 0x0000000085f00000| Untracked 
|  66|0x0000000086000000, 0x0000000086000000, 0x0000000086100000|  0%| F|  |TAMS 0x0000000086000000, 0x0000000086000000| Untracked 
|  67|0x0000000086100000, 0x0000000086100000, 0x0000000086200000|  0%| F|  |TAMS 0x0000000086100000, 0x0000000086100000| Untracked 
|  68|0x0000000086200000, 0x0000000086200000, 0x0000000086300000|  0%| F|  |TAMS 0x0000000086200000, 0x0000000086200000| Untracked 
|  69|0x0000000086300000, 0x0000000086300000, 0x0000000086400000|  0%| F|  |TAMS 0x0000000086300000, 0x0000000086300000| Untracked 
|  70|0x0000000086400000, 0x0000000086400000, 0x0000000086500000|  0%| F|  |TAMS 0x0000000086400000, 0x0000000086400000| Untracked 
|  71|0x0000000086500000, 0x0000000086500000, 0x0000000086600000|  0%| F|  |TAMS 0x0000000086500000, 0x0000000086500000| Untracked 
|  72|0x0000000086600000, 0x0000000086600000, 0x0000000086700000|  0%| F|  |TAMS 0x0000000086600000, 0x0000000086600000| Untracked 
|  73|0x0000000086700000, 0x0000000086700000, 0x0000000086800000|  0%| F|  |TAMS 0x0000000086700000, 0x0000000086700000| Untracked 
|  74|0x0000000086800000, 0x0000000086800000, 0x0000000086900000|  0%| F|  |TAMS 0x0000000086800000, 0x0000000086800000| Untracked 
|  75|0x0000000086900000, 0x0000000086900000, 0x0000000086a00000|  0%| F|  |TAMS 0x0000000086900000, 0x0000000086900000| Untracked 
|  76|0x0000000086a00000, 0x0000000086a00000, 0x0000000086b00000|  0%| F|  |TAMS 0x0000000086a00000, 0x0000000086a00000| Untracked 
|  77|0x0000000086b00000, 0x0000000086b00000, 0x0000000086c00000|  0%| F|  |TAMS 0x0000000086b00000, 0x0000000086b00000| Untracked 
|  78|0x0000000086c00000, 0x0000000086c00000, 0x0000000086d00000|  0%| F|  |TAMS 0x0000000086c00000, 0x0000000086c00000| Untracked 
|  79|0x0000000086d00000, 0x0000000086d00000, 0x0000000086e00000|  0%| F|  |TAMS 0x0000000086d00000, 0x0000000086d00000| Untracked 
|  80|0x0000000086e00000, 0x0000000086e00000, 0x0000000086f00000|  0%| F|  |TAMS 0x0000000086e00000, 0x0000000086e00000| Untracked 
|  81|0x0000000086f00000, 0x0000000086f00000, 0x0000000087000000|  0%| F|  |TAMS 0x0000000086f00000, 0x0000000086f00000| Untracked 
|  82|0x0000000087000000, 0x0000000087000000, 0x0000000087100000|  0%| F|  |TAMS 0x0000000087000000, 0x0000000087000000| Untracked 
|  83|0x0000000087100000, 0x0000000087100000, 0x0000000087200000|  0%| F|  |TAMS 0x0000000087100000, 0x0000000087100000| Untracked 
|  84|0x0000000087200000, 0x0000000087200000, 0x0000000087300000|  0%| F|  |TAMS 0x0000000087200000, 0x0000000087200000| Untracked 
|  85|0x0000000087300000, 0x0000000087300000, 0x0000000087400000|  0%| F|  |TAMS 0x0000000087300000, 0x0000000087300000| Untracked 
|  86|0x0000000087400000, 0x0000000087400000, 0x0000000087500000|  0%| F|  |TAMS 0x0000000087400000, 0x0000000087400000| Untracked 
|  87|0x0000000087500000, 0x0000000087500000, 0x0000000087600000|  0%| F|  |TAMS 0x0000000087500000, 0x0000000087500000| Untracked 
|  88|0x0000000087600000, 0x0000000087600000, 0x0000000087700000|  0%| F|  |TAMS 0x0000000087600000, 0x0000000087600000| Untracked 
|  89|0x0000000087700000, 0x0000000087700000, 0x0000000087800000|  0%| F|  |TAMS 0x0000000087700000, 0x0000000087700000| Untracked 
|  90|0x0000000087800000, 0x0000000087800000, 0x0000000087900000|  0%| F|  |TAMS 0x0000000087800000, 0x0000000087800000| Untracked 
|  91|0x0000000087900000, 0x0000000087900000, 0x0000000087a00000|  0%| F|  |TAMS 0x0000000087900000, 0x0000000087900000| Untracked 
|  92|0x0000000087a00000, 0x0000000087a00000, 0x0000000087b00000|  0%| F|  |TAMS 0x0000000087a00000, 0x0000000087a00000| Untracked 
|  93|0x0000000087b00000, 0x0000000087b00000, 0x0000000087c00000|  0%| F|  |TAMS 0x0000000087b00000, 0x0000000087b00000| Untracked 
|  94|0x0000000087c00000, 0x0000000087c00000, 0x0000000087d00000|  0%| F|  |TAMS 0x0000000087c00000, 0x0000000087c00000| Untracked 
|  95|0x0000000087d00000, 0x0000000087d00000, 0x0000000087e00000|  0%| F|  |TAMS 0x0000000087d00000, 0x0000000087d00000| Untracked 
|  96|0x0000000087e00000, 0x0000000087e00000, 0x0000000087f00000|  0%| F|  |TAMS 0x0000000087e00000, 0x0000000087e00000| Untracked 
|  97|0x0000000087f00000, 0x0000000087f00000, 0x0000000088000000|  0%| F|  |TAMS 0x0000000087f00000, 0x0000000087f00000| Untracked 
|  98|0x0000000088000000, 0x0000000088000000, 0x0000000088100000|  0%| F|  |TAMS 0x0000000088000000, 0x0000000088000000| Untracked 
|  99|0x0000000088100000, 0x0000000088100000, 0x0000000088200000|  0%| F|  |TAMS 0x0000000088100000, 0x0000000088100000| Untracked 
| 100|0x0000000088200000, 0x0000000088200000, 0x0000000088300000|  0%| F|  |TAMS 0x0000000088200000, 0x0000000088200000| Untracked 
| 101|0x0000000088300000, 0x0000000088300000, 0x0000000088400000|  0%| F|  |TAMS 0x0000000088300000, 0x0000000088300000| Untracked 
| 102|0x0000000088400000, 0x0000000088400000, 0x0000000088500000|  0%| F|  |TAMS 0x0000000088400000, 0x0000000088400000| Untracked 
| 103|0x0000000088500000, 0x0000000088500000, 0x0000000088600000|  0%| F|  |TAMS 0x0000000088500000, 0x0000000088500000| Untracked 
| 104|0x0000000088600000, 0x0000000088600000, 0x0000000088700000|  0%| F|  |TAMS 0x0000000088600000, 0x0000000088600000| Untracked 
| 105|0x0000000088700000, 0x0000000088700000, 0x0000000088800000|  0%| F|  |TAMS 0x0000000088700000, 0x0000000088700000| Untracked 
| 106|0x0000000088800000, 0x0000000088800000, 0x0000000088900000|  0%| F|  |TAMS 0x0000000088800000, 0x0000000088800000| Untracked 
| 107|0x0000000088900000, 0x0000000088900000, 0x0000000088a00000|  0%| F|  |TAMS 0x0000000088900000, 0x0000000088900000| Untracked 
| 108|0x0000000088a00000, 0x0000000088a00000, 0x0000000088b00000|  0%| F|  |TAMS 0x0000000088a00000, 0x0000000088a00000| Untracked 
| 109|0x0000000088b00000, 0x0000000088b00000, 0x0000000088c00000|  0%| F|  |TAMS 0x0000000088b00000, 0x0000000088b00000| Untracked 
| 110|0x0000000088c00000, 0x0000000088c00000, 0x0000000088d00000|  0%| F|  |TAMS 0x0000000088c00000, 0x0000000088c00000| Untracked 
| 111|0x0000000088d00000, 0x0000000088d00000, 0x0000000088e00000|  0%| F|  |TAMS 0x0000000088d00000, 0x0000000088d00000| Untracked 
| 112|0x0000000088e00000, 0x0000000088e00000, 0x0000000088f00000|  0%| F|  |TAMS 0x0000000088e00000, 0x0000000088e00000| Untracked 
| 113|0x0000000088f00000, 0x0000000088f00000, 0x0000000089000000|  0%| F|  |TAMS 0x0000000088f00000, 0x0000000088f00000| Untracked 
| 114|0x0000000089000000, 0x0000000089000000, 0x0000000089100000|  0%| F|  |TAMS 0x0000000089000000, 0x0000000089000000| Untracked 
| 115|0x0000000089100000, 0x0000000089100000, 0x0000000089200000|  0%| F|  |TAMS 0x0000000089100000, 0x0000000089100000| Untracked 
| 116|0x0000000089200000, 0x0000000089200000, 0x0000000089300000|  0%| F|  |TAMS 0x0000000089200000, 0x0000000089200000| Untracked 
| 117|0x0000000089300000, 0x0000000089300000, 0x0000000089400000|  0%| F|  |TAMS 0x0000000089300000, 0x0000000089300000| Untracked 
| 118|0x0000000089400000, 0x0000000089400000, 0x0000000089500000|  0%| F|  |TAMS 0x0000000089400000, 0x0000000089400000| Untracked 
| 119|0x0000000089500000, 0x0000000089500000, 0x0000000089600000|  0%| F|  |TAMS 0x0000000089500000, 0x0000000089500000| Untracked 
| 120|0x0000000089600000, 0x0000000089600000, 0x0000000089700000|  0%| F|  |TAMS 0x0000000089600000, 0x0000000089600000| Untracked 
| 121|0x0000000089700000, 0x00000000897b2298, 0x0000000089800000| 69%| S|CS|TAMS 0x0000000089700000, 0x0000000089700000| Complete 
| 122|0x0000000089800000, 0x0000000089800000, 0x0000000089900000|  0%| F|  |TAMS 0x0000000089800000, 0x0000000089800000| Untracked 
| 123|0x0000000089900000, 0x0000000089900000, 0x0000000089a00000|  0%| F|  |TAMS 0x0000000089900000, 0x0000000089900000| Untracked 
| 124|0x0000000089a00000, 0x0000000089a00000, 0x0000000089b00000|  0%| F|  |TAMS 0x0000000089a00000, 0x0000000089a00000| Untracked 
| 125|0x0000000089b00000, 0x0000000089b00000, 0x0000000089c00000|  0%| F|  |TAMS 0x0000000089b00000, 0x0000000089b00000| Untracked 
| 126|0x0000000089c00000, 0x0000000089c00000, 0x0000000089d00000|  0%| F|  |TAMS 0x0000000089c00000, 0x0000000089c00000| Untracked 
| 127|0x0000000089d00000, 0x0000000089e00000, 0x0000000089e00000|100%| E|  |TAMS 0x0000000089d00000, 0x0000000089d00000| Complete 

Card table byte_map: [0x000002599a950000,0x000002599ad50000] _byte_map_base: 0x000002599a541000

Marking Bits (Prev, Next): (CMBitMap*) 0x0000025981c91c70, (CMBitMap*) 0x0000025981c91cb0
 Prev Bits: [0x000002599b150000, 0x000002599d0d8000)
 Next Bits: [0x000002599d0e0000, 0x000002599f068000)

Polling page: 0x0000025981900000

Metaspace:

Usage:
  Non-class:     11.33 MB used.
      Class:      1.35 MB used.
       Both:     12.68 MB used.

Virtual space:
  Non-class space:       64.00 MB reserved,      11.44 MB ( 18%) committed,  1 nodes.
      Class space:        1.00 GB reserved,       1.44 MB ( <1%) committed,  1 nodes.
             Both:        1.06 GB reserved,      12.88 MB (  1%) committed. 

Chunk freelists:
   Non-Class:  2.19 MB
       Class:  14.51 MB
        Both:  16.69 MB

MaxMetaspaceSize: unlimited
CompressedClassSpaceSize: 1.00 GB
Initial GC threshold: 21.00 MB
Current GC threshold: 21.00 MB
CDS: on
MetaspaceReclaimPolicy: balanced
 - commit_granule_bytes: 65536.
 - commit_granule_words: 8192.
 - virtual_space_node_default_size: 8388608.
 - enlarge_chunks_in_place: 1.
 - new_chunks_are_fully_committed: 0.
 - uncommit_free_chunks: 1.
 - use_allocation_guard: 0.
 - handle_deallocations: 1.


Internal statistics:

num_allocs_failed_limit: 0.
num_arena_births: 126.
num_arena_deaths: 0.
num_vsnodes_births: 2.
num_vsnodes_deaths: 0.
num_space_committed: 206.
num_space_uncommitted: 0.
num_chunks_returned_to_freelist: 0.
num_chunks_taken_from_freelist: 583.
num_chunk_merges: 0.
num_chunk_splits: 436.
num_chunks_enlarged: 376.
num_inconsistent_stats: 0.

CodeHeap 'non-profiled nmethods': size=120000Kb used=304Kb max_used=304Kb free=119695Kb
 bounds [0x00000259925c0000, 0x0000025992830000, 0x0000025999af0000]
CodeHeap 'profiled nmethods': size=120000Kb used=1581Kb max_used=1581Kb free=118418Kb
 bounds [0x000002598aaf0000, 0x000002598ad60000, 0x0000025992020000]
CodeHeap 'non-nmethods': size=5760Kb used=1184Kb max_used=1197Kb free=4575Kb
 bounds [0x0000025992020000, 0x0000025992290000, 0x00000259925c0000]
 total_blobs=1422 nmethods=939 adapters=396
 compilation: enabled
              stopped_count=0, restarted_count=0
 full_count=0

Compilation events (20 events):
Event: 24.599 Thread 0x00000259a1a90770  919       3       kotlin.jvm.internal.Intrinsics::checkNotNull (8 bytes)
Event: 24.600 Thread 0x00000259a1a90770 nmethod 919 0x000002598ac70d10 code [0x000002598ac70f00, 0x000002598ac713c8]
Event: 24.600 Thread 0x00000259a1a90770  920       3       java.lang.invoke.DirectMethodHandle::<init> (148 bytes)
Event: 24.601 Thread 0x00000259a1a90770 nmethod 920 0x000002598ac71590 code [0x000002598ac71840, 0x000002598ac72788]
Event: 24.601 Thread 0x00000259a1a90770  921       3       java.lang.invoke.DirectMethodHandle::preparedLambdaForm (31 bytes)
Event: 24.601 Thread 0x00000259a1a90770 nmethod 921 0x000002598ac72c90 code [0x000002598ac72e80, 0x000002598ac73328]
Event: 25.633 Thread 0x00000259a1a90770  923       3       java.lang.ref.Reference::enqueueFromPending (19 bytes)
Event: 25.634 Thread 0x00000259a1a90770 nmethod 923 0x000002598ac73510 code [0x000002598ac736c0, 0x000002598ac738e8]
Event: 25.634 Thread 0x00000259a1a90770  924   !   3       java.lang.ref.ReferenceQueue::enqueue (119 bytes)
Event: 25.634 Thread 0x00000259a1a90770 nmethod 924 0x000002598ac73990 code [0x000002598ac73b80, 0x000002598ac74248]
Event: 25.634 Thread 0x00000259a1a90770  925       3       java.lang.ref.ReferenceQueue::reallyPoll (65 bytes)
Event: 25.634 Thread 0x00000259a1a90770 nmethod 925 0x000002598ac74410 code [0x000002598ac745e0, 0x000002598ac74b18]
Event: 25.635 Thread 0x00000259a1a89be0  926       4       jdk.internal.org.objectweb.asm.SymbolTable$Entry::<init> (17 bytes)
Event: 25.637 Thread 0x00000259a1a89be0 nmethod 926 0x000002599260b410 code [0x000002599260b580, 0x000002599260b7b8]
Event: 25.637 Thread 0x00000259a1a89be0  927       4       jdk.internal.org.objectweb.asm.SymbolTable::addConstantUtf8 (98 bytes)
Event: 25.637 Thread 0x00000259a1a90770  928       3       java.util.ImmutableCollections$Set12::contains (28 bytes)
Event: 25.638 Thread 0x00000259a1a90770 nmethod 928 0x000002598ac74c10 code [0x000002598ac74dc0, 0x000002598ac75118]
Event: 25.639 Thread 0x00000259a1a90770  929       1       java.lang.invoke.MethodHandleNatives::isPullModeBSM (2 bytes)
Event: 25.639 Thread 0x00000259a1a90770 nmethod 929 0x000002599260b810 code [0x000002599260b9a0, 0x000002599260ba58]
Event: 25.693 Thread 0x00000259a1a90770  930       3       jdk.internal.org.objectweb.asm.MethodWriter::visitFieldInsn (258 bytes)

GC Heap History (10 events):
Event: 16.998 GC heap before
{Heap before GC invocations=0 (full 0):
 garbage-first heap   total 131072K, used 26624K [0x0000000081e00000, 0x0000000100000000)
  region size 1024K, 23 young (23552K), 0 survivors (0K)
 Metaspace       used 7195K, committed 7360K, reserved 1114112K
  class space    used 671K, committed 704K, reserved 1048576K
}
Event: 19.146 GC heap after
{Heap after GC invocations=1 (full 0):
 garbage-first heap   total 131072K, used 6058K [0x0000000081e00000, 0x0000000100000000)
  region size 1024K, 3 young (3072K), 3 survivors (3072K)
 Metaspace       used 7195K, committed 7360K, reserved 1114112K
  class space    used 671K, committed 704K, reserved 1048576K
}
Event: 20.485 GC heap before
{Heap before GC invocations=1 (full 0):
 garbage-first heap   total 131072K, used 8106K [0x0000000081e00000, 0x0000000100000000)
  region size 1024K, 6 young (6144K), 3 survivors (3072K)
 Metaspace       used 8207K, committed 8320K, reserved 1114112K
  class space    used 776K, committed 832K, reserved 1048576K
}
Event: 20.488 GC heap after
{Heap after GC invocations=2 (full 0):
 garbage-first heap   total 131072K, used 6296K [0x0000000081e00000, 0x0000000100000000)
  region size 1024K, 1 young (1024K), 1 survivors (1024K)
 Metaspace       used 8207K, committed 8320K, reserved 1114112K
  class space    used 776K, committed 832K, reserved 1048576K
}
Event: 22.752 GC heap before
{Heap before GC invocations=2 (full 0):
 garbage-first heap   total 131072K, used 11416K [0x0000000081e00000, 0x0000000100000000)
  region size 1024K, 6 young (6144K), 1 survivors (1024K)
 Metaspace       used 9844K, committed 10112K, reserved 1114112K
  class space    used 1014K, committed 1152K, reserved 1048576K
}
Event: 22.753 GC heap after
{Heap after GC invocations=3 (full 0):
 garbage-first heap   total 131072K, used 6351K [0x0000000081e00000, 0x0000000100000000)
  region size 1024K, 1 young (1024K), 1 survivors (1024K)
 Metaspace       used 9844K, committed 10112K, reserved 1114112K
  class space    used 1014K, committed 1152K, reserved 1048576K
}
Event: 23.902 GC heap before
{Heap before GC invocations=3 (full 0):
 garbage-first heap   total 131072K, used 10447K [0x0000000081e00000, 0x0000000100000000)
  region size 1024K, 6 young (6144K), 1 survivors (1024K)
 Metaspace       used 11274K, committed 11520K, reserved 1114112K
  class space    used 1172K, committed 1280K, reserved 1048576K
}
Event: 23.903 GC heap after
{Heap after GC invocations=4 (full 0):
 garbage-first heap   total 131072K, used 6553K [0x0000000081e00000, 0x0000000100000000)
  region size 1024K, 1 young (1024K), 1 survivors (1024K)
 Metaspace       used 11274K, committed 11520K, reserved 1114112K
  class space    used 1172K, committed 1280K, reserved 1048576K
}
Event: 25.631 GC heap before
{Heap before GC invocations=4 (full 0):
 garbage-first heap   total 131072K, used 10649K [0x0000000081e00000, 0x0000000100000000)
  region size 1024K, 6 young (6144K), 1 survivors (1024K)
 Metaspace       used 12730K, committed 12928K, reserved 1114112K
  class space    used 1342K, committed 1472K, reserved 1048576K
}
Event: 25.633 GC heap after
{Heap after GC invocations=5 (full 0):
 garbage-first heap   total 131072K, used 6763K [0x0000000081e00000, 0x0000000100000000)
  region size 1024K, 1 young (1024K), 1 survivors (1024K)
 Metaspace       used 12730K, committed 12928K, reserved 1114112K
  class space    used 1342K, committed 1472K, reserved 1048576K
}

Deoptimization events (20 events):
Event: 12.625 Thread 0x0000025981c33aa0 Uncommon trap: trap_request=0xffffff45 fr.pc=0x00000259925e9750 relative=0x0000000000000510
Event: 12.625 Thread 0x0000025981c33aa0 Uncommon trap: reason=unstable_if action=reinterpret pc=0x00000259925e9750 method=java.lang.AbstractStringBuilder.putStringAt(ILjava/lang/String;II)V @ 8 c2
Event: 12.625 Thread 0x0000025981c33aa0 DEOPT PACKING pc=0x00000259925e9750 sp=0x0000005f61cfde60
Event: 12.625 Thread 0x0000025981c33aa0 DEOPT UNPACKING pc=0x00000259920723a3 sp=0x0000005f61cfdd50 mode 2
Event: 13.006 Thread 0x0000025981c33aa0 DEOPT PACKING pc=0x000002598abd0c57 sp=0x0000005f61cf9b80
Event: 13.006 Thread 0x0000025981c33aa0 DEOPT UNPACKING pc=0x0000025992072b43 sp=0x0000005f61cf8fe0 mode 0
Event: 15.543 Thread 0x0000025981c33aa0 DEOPT PACKING pc=0x000002598ab21cd6 sp=0x0000005f61cfaf10
Event: 15.543 Thread 0x0000025981c33aa0 DEOPT UNPACKING pc=0x0000025992072b43 sp=0x0000005f61cfa398 mode 0
Event: 15.543 Thread 0x0000025981c33aa0 DEOPT PACKING pc=0x000002598ab3c965 sp=0x0000005f61cfad00
Event: 15.543 Thread 0x0000025981c33aa0 DEOPT UNPACKING pc=0x0000025992072b43 sp=0x0000005f61cfa150 mode 0
Event: 20.441 Thread 0x0000025981c33aa0 DEOPT PACKING pc=0x000002598ab45330 sp=0x0000005f61cf9f50
Event: 20.441 Thread 0x0000025981c33aa0 DEOPT UNPACKING pc=0x0000025992072b43 sp=0x0000005f61cf9468 mode 0
Event: 23.902 Thread 0x0000025981c33aa0 Uncommon trap: trap_request=0xffffff45 fr.pc=0x0000025992605e14 relative=0x0000000000001074
Event: 23.902 Thread 0x0000025981c33aa0 Uncommon trap: reason=unstable_if action=reinterpret pc=0x0000025992605e14 method=java.util.concurrent.ConcurrentHashMap.putVal(Ljava/lang/Object;Ljava/lang/Object;Z)Ljava/lang/Object; @ 148 c2
Event: 23.902 Thread 0x0000025981c33aa0 DEOPT PACKING pc=0x0000025992605e14 sp=0x0000005f61cfe350
Event: 23.902 Thread 0x0000025981c33aa0 DEOPT UNPACKING pc=0x00000259920723a3 sp=0x0000005f61cfe2f0 mode 2
Event: 23.936 Thread 0x0000025981c33aa0 Uncommon trap: trap_request=0xffffff45 fr.pc=0x00000259925f598c relative=0x000000000000026c
Event: 23.936 Thread 0x0000025981c33aa0 Uncommon trap: reason=unstable_if action=reinterpret pc=0x00000259925f598c method=java.lang.String.startsWith(Ljava/lang/String;I)Z @ 1 c2
Event: 23.936 Thread 0x0000025981c33aa0 DEOPT PACKING pc=0x00000259925f598c sp=0x0000005f61cfd980
Event: 23.936 Thread 0x0000025981c33aa0 DEOPT UNPACKING pc=0x00000259920723a3 sp=0x0000005f61cfd900 mode 2

Classes unloaded (0 events):
No events

Classes redefined (0 events):
No events

Internal exceptions (20 events):
Event: 20.482 Thread 0x0000025981c33aa0 Exception <a 'java/lang/NoSuchMethodError'{0x0000000089bc8170}: 'java.lang.Object java.lang.invoke.DirectMethodHandle$Holder.invokeSpecial(java.lang.Object, java.lang.Object, java.lang.Object, java.lang.Object, long)'> (0x0000000089bc8170) 
thrown [s\open\src\hotspot\share\interpreter\linkResolver.cpp, line 759]
Event: 20.483 Thread 0x0000025981c33aa0 Exception <a 'java/lang/NoSuchMethodError'{0x0000000089bd79f8}: 'int java.lang.invoke.DelegatingMethodHandle$Holder.reinvoke_L(java.lang.Object, java.lang.Object, java.lang.Object, long, java.lang.Object, java.lang.Object)'> (0x0000000089bd79f8) 
thrown [s\open\src\hotspot\share\interpreter\linkResolver.cpp, line 759]
Event: 20.484 Thread 0x0000025981c33aa0 Exception <a 'java/lang/NoSuchMethodError'{0x0000000089bee410}: 'int java.lang.invoke.DelegatingMethodHandle$Holder.reinvoke_L(java.lang.Object, java.lang.Object, java.lang.Object, long, int, int)'> (0x0000000089bee410) 
thrown [s\open\src\hotspot\share\interpreter\linkResolver.cpp, line 759]
Event: 20.485 Thread 0x0000025981c33aa0 Exception <a 'java/lang/NoSuchMethodError'{0x0000000089bfcfb0}: 'int java.lang.invoke.DelegatingMethodHandle$Holder.reinvoke_L(java.lang.Object, java.lang.Object, java.lang.Object, long, long, long)'> (0x0000000089bfcfb0) 
thrown [s\open\src\hotspot\share\interpreter\linkResolver.cpp, line 759]
Event: 20.489 Thread 0x0000025981c33aa0 Exception <a 'java/lang/NoSuchMethodError'{0x0000000089d0ba98}: 'int java.lang.invoke.DelegatingMethodHandle$Holder.reinvoke_L(java.lang.Object, java.lang.Object, java.lang.Object, long, int)'> (0x0000000089d0ba98) 
thrown [s\open\src\hotspot\share\interpreter\linkResolver.cpp, line 759]
Event: 20.490 Thread 0x0000025981c33aa0 Exception <a 'java/lang/NoSuchMethodError'{0x0000000089d1a6b8}: 'int java.lang.invoke.DirectMethodHandle$Holder.invokeSpecial(java.lang.Object, java.lang.Object, java.lang.Object)'> (0x0000000089d1a6b8) 
thrown [s\open\src\hotspot\share\interpreter\linkResolver.cpp, line 759]
Event: 20.491 Thread 0x0000025981c33aa0 Exception <a 'java/lang/NoSuchMethodError'{0x0000000089d1e578}: 'int java.lang.invoke.DirectMethodHandle$Holder.invokeSpecial(java.lang.Object, java.lang.Object, java.lang.Object, java.lang.Object)'> (0x0000000089d1e578) 
thrown [s\open\src\hotspot\share\interpreter\linkResolver.cpp, line 759]
Event: 20.492 Thread 0x0000025981c33aa0 Exception <a 'java/lang/NoSuchMethodError'{0x0000000089d2d518}: 'void java.lang.invoke.DelegatingMethodHandle$Holder.reinvoke_L(java.lang.Object, java.lang.Object, java.lang.Object, long, java.lang.Object, long, long)'> (0x0000000089d2d518) 
thrown [s\open\src\hotspot\share\interpreter\linkResolver.cpp, line 759]
Event: 20.493 Thread 0x0000025981c33aa0 Exception <a 'java/lang/NoSuchMethodError'{0x0000000089d34cd8}: 'long java.lang.invoke.Invokers$Holder.invokeExact_MT(java.lang.Object, java.lang.Object, java.lang.Object)'> (0x0000000089d34cd8) 
thrown [s\open\src\hotspot\share\interpreter\linkResolver.cpp, line 759]
Event: 20.493 Thread 0x0000025981c33aa0 Exception <a 'java/lang/NoSuchMethodError'{0x0000000089d391d8}: 'int java.lang.invoke.Invokers$Holder.invokeExact_MT(java.lang.Object, java.lang.Object, java.lang.Object)'> (0x0000000089d391d8) 
thrown [s\open\src\hotspot\share\interpreter\linkResolver.cpp, line 759]
Event: 20.690 Thread 0x0000025981c33aa0 Exception <a 'java/lang/NoSuchMethodError'{0x0000000089c2b638}: 'int java.lang.invoke.DirectMethodHandle$Holder.invokeStaticInit(java.lang.Object, java.lang.Object, java.lang.Object)'> (0x0000000089c2b638) 
thrown [s\open\src\hotspot\share\interpreter\linkResolver.cpp, line 759]
Event: 20.693 Thread 0x0000025981c33aa0 Exception <a 'java/lang/NoSuchMethodError'{0x0000000089c5c650}: 'int java.lang.invoke.DirectMethodHandle$Holder.invokeStaticInit(java.lang.Object, java.lang.Object)'> (0x0000000089c5c650) 
thrown [s\open\src\hotspot\share\interpreter\linkResolver.cpp, line 759]
Event: 20.703 Thread 0x0000025981c33aa0 Exception <a 'java/lang/NoSuchMethodError'{0x0000000089b22058}: 'int java.lang.invoke.DirectMethodHandle$Holder.invokeStatic(java.lang.Object)'> (0x0000000089b22058) 
thrown [s\open\src\hotspot\share\interpreter\linkResolver.cpp, line 759]
Event: 20.703 Thread 0x0000025981c33aa0 Exception <a 'java/lang/NoSuchMethodError'{0x0000000089b25700}: 'int java.lang.invoke.DirectMethodHandle$Holder.invokeStaticInit(java.lang.Object)'> (0x0000000089b25700) 
thrown [s\open\src\hotspot\share\interpreter\linkResolver.cpp, line 759]
Event: 20.706 Thread 0x0000025981c33aa0 Exception <a 'java/lang/NoSuchMethodError'{0x0000000089b50190}: 'java.lang.Object java.lang.invoke.DirectMethodHandle$Holder.invokeStatic(java.lang.Object, java.lang.Object, int, java.lang.Object, int)'> (0x0000000089b50190) 
thrown [s\open\src\hotspot\share\interpreter\linkResolver.cpp, line 759]
Event: 20.707 Thread 0x0000025981c33aa0 Exception <a 'java/lang/NoSuchMethodError'{0x0000000089b57740}: 'java.lang.Object java.lang.invoke.DirectMethodHandle$Holder.newInvokeSpecial(java.lang.Object, java.lang.Object, int)'> (0x0000000089b57740) 
thrown [s\open\src\hotspot\share\interpreter\linkResolver.cpp, line 759]
Event: 20.711 Thread 0x0000025981c33aa0 Exception <a 'java/lang/NoSuchMethodError'{0x0000000089b89a08}: 'void java.lang.invoke.DirectMethodHandle$Holder.invokeSpecial(java.lang.Object, java.lang.Object, java.lang.Object)'> (0x0000000089b89a08) 
thrown [s\open\src\hotspot\share\interpreter\linkResolver.cpp, line 759]
Event: 23.891 Thread 0x0000025981c33aa0 Exception <a 'java/lang/NoSuchMethodError'{0x000000008991f4a0}: 'java.lang.Object java.lang.invoke.DirectMethodHandle$Holder.invokeInterface(java.lang.Object, java.lang.Object)'> (0x000000008991f4a0) 
thrown [s\open\src\hotspot\share\interpreter\linkResolver.cpp, line 759]
Event: 23.922 Thread 0x0000025981c33aa0 Exception <a 'java/lang/NoSuchMethodError'{0x0000000089cac770}: 'void java.lang.invoke.DirectMethodHandle$Holder.invokeStaticInit(java.lang.Object, java.lang.Object)'> (0x0000000089cac770) 
thrown [s\open\src\hotspot\share\interpreter\linkResolver.cpp, line 759]
Event: 24.362 Thread 0x0000025981c33aa0 Exception <a 'java/lang/NoSuchMethodError'{0x0000000089aaa868}: 'int java.lang.invoke.DirectMethodHandle$Holder.invokeVirtual(java.lang.Object, java.lang.Object, java.lang.Object)'> (0x0000000089aaa868) 
thrown [s\open\src\hotspot\share\interpreter\linkResolver.cpp, line 759]

VM Operations (20 events):
Event: 11.512 Executing VM operation: Cleanup
Event: 11.512 Executing VM operation: Cleanup done
Event: 16.384 Executing VM operation: G1CollectForAllocation
Event: 19.380 Executing VM operation: G1CollectForAllocation done
Event: 20.391 Executing VM operation: Cleanup
Event: 20.438 Executing VM operation: Cleanup done
Event: 20.485 Executing VM operation: G1CollectForAllocation
Event: 20.488 Executing VM operation: G1CollectForAllocation done
Event: 21.492 Executing VM operation: Cleanup
Event: 21.492 Executing VM operation: Cleanup done
Event: 22.752 Executing VM operation: G1CollectForAllocation
Event: 22.753 Executing VM operation: G1CollectForAllocation done
Event: 23.763 Executing VM operation: Cleanup
Event: 23.763 Executing VM operation: Cleanup done
Event: 23.902 Executing VM operation: G1CollectForAllocation
Event: 23.903 Executing VM operation: G1CollectForAllocation done
Event: 24.909 Executing VM operation: Cleanup
Event: 25.630 Executing VM operation: Cleanup done
Event: 25.631 Executing VM operation: G1CollectForAllocation
Event: 25.633 Executing VM operation: G1CollectForAllocation done

Events (20 events):
Event: 23.100 loading class javax/xml/stream/Location
Event: 23.160 loading class javax/xml/stream/Location done
Event: 23.161 loading class java/io/UnsupportedEncodingException
Event: 23.161 loading class java/io/UnsupportedEncodingException done
Event: 23.162 loading class javax/xml/namespace/NamespaceContext
Event: 23.211 loading class javax/xml/namespace/NamespaceContext done
Event: 23.211 loading class javax/xml/stream/XMLStreamConstants
Event: 23.218 loading class javax/xml/stream/XMLStreamConstants done
Event: 23.222 loading class java/io/CharConversionException
Event: 23.286 loading class java/io/CharConversionException done
Event: 23.287 loading class javax/xml/stream/XMLStreamReader
Event: 23.332 loading class javax/xml/stream/XMLStreamReader done
Event: 23.347 loading class java/util/concurrent/CancellationException
Event: 23.347 loading class java/util/concurrent/CancellationException done
Event: 23.402 loading class javax/swing/Icon
Event: 23.486 loading class javax/swing/Icon done
Event: 23.487 loading class sun/invoke/util/VerifyAccess$1
Event: 23.537 loading class sun/invoke/util/VerifyAccess$1 done
Event: 25.639 loading class java/lang/invoke/MethodHandle$1
Event: 25.693 loading class java/lang/invoke/MethodHandle$1 done


Dynamic libraries:
0x00007ff742630000 - 0x00007ff742640000 	C:\Program Files\Java\jdk-17\bin\java.exe
0x00007ffe8f2a0000 - 0x00007ffe8f506000 	C:\WINDOWS\SYSTEM32\ntdll.dll
0x00007ffe8df90000 - 0x00007ffe8e059000 	C:\WINDOWS\System32\KERNEL32.DLL
0x00007ffe8c6a0000 - 0x00007ffe8ca9a000 	C:\WINDOWS\System32\KERNELBASE.dll
0x00007ffe8cb50000 - 0x00007ffe8cc9c000 	C:\WINDOWS\System32\ucrtbase.dll
0x00007ffe647c0000 - 0x00007ffe647d9000 	C:\Program Files\Java\jdk-17\bin\jli.dll
0x00007ffe8dd30000 - 0x00007ffe8dde6000 	C:\WINDOWS\System32\ADVAPI32.dll
0x00007ffe8d010000 - 0x00007ffe8d0b9000 	C:\WINDOWS\System32\msvcrt.dll
0x00007ffe8dee0000 - 0x00007ffe8df8a000 	C:\WINDOWS\System32\sechost.dll
0x00007ffe8d220000 - 0x00007ffe8d338000 	C:\WINDOWS\System32\RPCRT4.dll
0x00007ffe8e150000 - 0x00007ffe8e317000 	C:\WINDOWS\System32\USER32.dll
0x00007ffe8c670000 - 0x00007ffe8c697000 	C:\WINDOWS\System32\win32u.dll
0x00007ffe8d1f0000 - 0x00007ffe8d21b000 	C:\WINDOWS\System32\GDI32.dll
0x00007ffe8cee0000 - 0x00007ffe8d00b000 	C:\WINDOWS\System32\gdi32full.dll
0x00007ffe8caa0000 - 0x00007ffe8cb43000 	C:\WINDOWS\System32\msvcp_win.dll
0x00007ffe64620000 - 0x00007ffe6463b000 	C:\Program Files\Java\jdk-17\bin\VCRUNTIME140.dll
0x00007ffe79e30000 - 0x00007ffe7a0c2000 	C:\WINDOWS\WinSxS\amd64_microsoft.windows.common-controls_6595b64144ccf1df_6.0.26100.8521_none_3e08b75ce33403b3\COMCTL32.dll
0x00007ffe83a30000 - 0x00007ffe83a3b000 	C:\WINDOWS\SYSTEM32\VERSION.dll
0x00007ffe8ef90000 - 0x00007ffe8efc2000 	C:\WINDOWS\System32\IMM32.DLL
0x00007ffe873e0000 - 0x00007ffe873ec000 	C:\Program Files\Java\jdk-17\bin\vcruntime140_1.dll
0x00007ffe45f50000 - 0x00007ffe45fde000 	C:\Program Files\Java\jdk-17\bin\msvcp140.dll
0x00007ffe05b80000 - 0x00007ffe06760000 	C:\Program Files\Java\jdk-17\bin\server\jvm.dll
0x00007ffe8f0d0000 - 0x00007ffe8f0d8000 	C:\WINDOWS\System32\PSAPI.DLL
0x00007ffe6eff0000 - 0x00007ffe6effa000 	C:\WINDOWS\SYSTEM32\WSOCK32.dll
0x00007ffe7a1c0000 - 0x00007ffe7a1f6000 	C:\WINDOWS\SYSTEM32\WINMM.dll
0x00007ffe8dca0000 - 0x00007ffe8dd20000 	C:\WINDOWS\System32\WS2_32.dll
0x00007ffe8b280000 - 0x00007ffe8b29b000 	C:\WINDOWS\SYSTEM32\kernel.appcore.dll
0x00007ffe87260000 - 0x00007ffe8726a000 	C:\Program Files\Java\jdk-17\bin\jimage.dll
0x00007ffe89b70000 - 0x00007ffe89db2000 	C:\WINDOWS\SYSTEM32\DBGHELP.DLL
0x00007ffe8d340000 - 0x00007ffe8d6c3000 	C:\WINDOWS\System32\combase.dll
0x00007ffe8e060000 - 0x00007ffe8e139000 	C:\WINDOWS\System32\OLEAUT32.dll
0x00007ffe78ee0000 - 0x00007ffe78f1b000 	C:\WINDOWS\SYSTEM32\dbgcore.DLL
0x00007ffe8c5c0000 - 0x00007ffe8c668000 	C:\WINDOWS\System32\bcryptPrimitives.dll
0x00007ffe4e470000 - 0x00007ffe4e495000 	C:\Program Files\Java\jdk-17\bin\java.dll
0x00007ffe2e110000 - 0x00007ffe2e1e7000 	C:\Program Files\Java\jdk-17\bin\jsvml.dll
0x00007ffe8e7b0000 - 0x00007ffe8ef34000 	C:\WINDOWS\System32\SHELL32.dll
0x00007ffe8a0d0000 - 0x00007ffe8a950000 	C:\WINDOWS\SYSTEM32\windows.storage.dll
0x00007ffe8efd0000 - 0x00007ffe8f0c6000 	C:\WINDOWS\System32\SHCORE.dll
0x00007ffe8e320000 - 0x00007ffe8e387000 	C:\WINDOWS\System32\shlwapi.dll
0x00007ffe8c450000 - 0x00007ffe8c479000 	C:\WINDOWS\SYSTEM32\profapi.dll
0x00007ffe64600000 - 0x00007ffe64619000 	C:\Program Files\Java\jdk-17\bin\net.dll
0x00007ffe845c0000 - 0x00007ffe846e9000 	C:\WINDOWS\SYSTEM32\WINHTTP.dll
0x00007ffe8b7d0000 - 0x00007ffe8b83c000 	C:\WINDOWS\system32\mswsock.dll
0x00007ffe64370000 - 0x00007ffe64386000 	C:\Program Files\Java\jdk-17\bin\nio.dll
0x00007ffe578e0000 - 0x00007ffe578f8000 	C:\Program Files\Java\jdk-17\bin\zip.dll

dbghelp: loaded successfully - version: 4.0.5 - missing functions: none
symbol engine: initialized successfully - sym options: 0x614 - pdb path: .;C:\Program Files\Java\jdk-17\bin;C:\WINDOWS\SYSTEM32;C:\WINDOWS\WinSxS\amd64_microsoft.windows.common-controls_6595b64144ccf1df_6.0.26100.8521_none_3e08b75ce33403b3;C:\Program Files\Java\jdk-17\bin\server

VM Arguments:
java_command: org.jetbrains.kotlin.cli.jvm.K2JVMCompiler @D:\work\nux\mobile_app_new\node_modules\@react-native-google-signin\google-signin\android\build\20260625_8505060575688918995.compiler.options
java_class_path (initial): C:\Users\pc\.gradle\caches\modules-2\files-2.1\org.jetbrains.kotlin\kotlin-compiler-embeddable\2.1.20\4ef56b3316798316bfac7a0ae443391c9e900ea1\kotlin-compiler-embeddable-2.1.20.jar;C:\Users\pc\.gradle\caches\modules-2\files-2.1\org.jetbrains.kotlin\kotlin-stdlib\2.1.20\aa8ca79cd50578314f6d1180c47cbe14c0fee567\kotlin-stdlib-2.1.20.jar;C:\Users\pc\.gradle\caches\modules-2\files-2.1\org.jetbrains.kotlin\kotlin-script-runtime\2.1.20\f7c623d7f7bdb01f5ccd6b437bc0a937fcd7c57e\kotlin-script-runtime-2.1.20.jar;C:\Users\pc\.gradle\caches\modules-2\files-2.1\org.jetbrains.kotlin\kotlin-reflect\1.6.10\1cbe9c92c12a94eea200d23c2bbaedaf3daf5132\kotlin-reflect-1.6.10.jar;C:\Users\pc\.gradle\caches\modules-2\files-2.1\org.jetbrains.kotlin\kotlin-daemon-embeddable\2.1.20\95670fce77befd02a70a0bc3abe8ee4533521334\kotlin-daemon-embeddable-2.1.20.jar;C:\Users\pc\.gradle\caches\modules-2\files-2.1\org.jetbrains.intellij.deps\trove4j\1.0.20200330\3afb14d5f9ceb459d724e907a21145e8ff394f02\trove4j-1.0.20200330.jar;C:\Users\pc\.gradle\caches\modules-2\files-2.1\org.jetbrains.kotlinx\kotlinx-coroutines-core-jvm\1.8.0\ac1dc37a30a93150b704022f8d895ee1bd3a36b3\kotlinx-coroutines-core-jvm-1.8.0.jar;C:\Users\pc\.gradle\caches\modules-2\files-2.1\org.jetbrains\annotations\13.0\919f0dfe192fb4e063e7dacadee7f8bb9a2672a9\annotations-13.0.jar
Launcher Type: SUN_STANDARD

[Global flags]
     intx CICompilerCount                          = 4                                         {product} {ergonomic}
     uint ConcGCThreads                            = 2                                         {product} {ergonomic}
     uint G1ConcRefinementThreads                  = 8                                         {product} {ergonomic}
   size_t G1HeapRegionSize                         = 1048576                                   {product} {ergonomic}
    uintx GCDrainStackTargetSize                   = 64                                        {product} {ergonomic}
   size_t InitialHeapSize                          = 134217728                                 {product} {ergonomic}
   size_t MarkStackSize                            = 4194304                                   {product} {ergonomic}
   size_t MaxHeapSize                              = 2116026368                                {product} {ergonomic}
   size_t MaxNewSize                               = 1268776960                                {product} {ergonomic}
   size_t MinHeapDeltaBytes                        = 1048576                                   {product} {ergonomic}
   size_t MinHeapSize                              = 8388608                                   {product} {ergonomic}
    uintx NonNMethodCodeHeapSize                   = 5839372                                {pd product} {ergonomic}
    uintx NonProfiledCodeHeapSize                  = 122909434                              {pd product} {ergonomic}
    uintx ProfiledCodeHeapSize                     = 122909434                              {pd product} {ergonomic}
    uintx ReservedCodeCacheSize                    = 251658240                              {pd product} {ergonomic}
     bool SegmentedCodeCache                       = true                                      {product} {ergonomic}
   size_t SoftMaxHeapSize                          = 2116026368                             {manageable} {ergonomic}
     bool UseCompressedClassPointers               = true                           {product lp64_product} {ergonomic}
     bool UseCompressedOops                        = true                           {product lp64_product} {ergonomic}
     bool UseG1GC                                  = true                                      {product} {ergonomic}
     bool UseLargePagesIndividualAllocation        = false                                  {pd product} {ergonomic}

Logging:
Log output configuration:
 #0: stdout all=warning uptime,level,tags
 #1: stderr all=off uptime,level,tags

Environment Variables:
JAVA_HOME=C:\Program Files\Java\jdk-17
PATH=D:\work\nux\mobile_app_new\node_modules\.bin;D:\work\nux\node_modules\.bin;D:\work\node_modules\.bin;D:\node_modules\.bin;C:\npm_global\node_modules\npm\node_modules\@npmcli\run-script\lib\node-gyp-bin;c:\Program Files\cursor\resources\app\resources\helpers;C:\Program Files\Common Files\Oracle\Java\javapath;C:\WINDOWS\system32;C:\WINDOWS;C:\WINDOWS\System32\Wbem;C:\WINDOWS\System32\WindowsPowerShell\v1.0\;C:\WINDOWS\System32\OpenSSH\;C:\Program Files\Git\cmd;C:\xampp\php;C:\Program Files\Java\jdk-17\bin;C:\Users\pc\AppData\Local\Yarn\bin;C:\Users\pc\AppData\Local\Android\Sdk\cmdline-tools\latest\bin;C:\Users\pc\AppData\Local\Android\Sdk\platform-tools;C:\ProgramData\chocolatey\bin;C:\Users\pc\AppData\Local\Android\Sdk\build-tools\35.0.1;C:\tools\mkcert;C:\Program Files\PuTTY\;C:\Program Files\Docker\Docker\resources\bin;C:\mkcert;C:\Program Files\MongoDB\Server\8.0\bin;C:\Program Files\nodejs\;C:\Program Files\dotnet\;C:\Program Files\WireGuard\;C:\Program Files\cursor\resources\app\bin;C:\Users\pc\AppData\Roaming\npm;C:\Users\pc\AppData\Local\Programs\Windsurf\bin;C:\Users\pc\AppData\Local\Microsoft\WindowsApps
USERNAME=pc
OS=Windows_NT
PROCESSOR_IDENTIFIER=Intel64 Family 6 Model 142 Stepping 12, GenuineIntel



---------------  S Y S T E M  ---------------

OS:
 Windows 11 , 64 bit Build 26100 (10.0.26100.8521)
OS uptime: 0 days 15:16 hours
Hyper-V role detected

CPU: total 8 (initial active 8) (4 cores per cpu, 2 threads per core) family 6 model 142 stepping 12 microcode 0xfe, cx8, cmov, fxsr, ht, mmx, 3dnowpref, sse, sse2, sse3, ssse3, sse4.1, sse4.2, popcnt, lzcnt, tsc, tscinvbit, avx, avx2, aes, erms, clmul, bmi1, bmi2, adx, fma, vzeroupper, clflush, clflushopt, hv

Memory: 4k page, system-wide physical 8067M (445M free)
TotalPageFile size 25902M (AvailPageFile size 5M)
current process WorkingSet (physical memory assigned to process): 91M, peak: 91M
current process commit charge ("private bytes"): 232M, peak: 232M

vm_info: Java HotSpot(TM) 64-Bit Server VM (17.0.12+8-LTS-286) for windows-amd64 JRE (17.0.12+8-LTS-286), built on Jun  5 2024 06:46:59 by "mach5one" with MS VC++ 17.6 (VS2022)

END.
